src/leave/leave.service.ts(45,9): error TS2353: Object literal may only specify known properties, and 'approver' does not exist in type 'LeaveRequestInclude<DefaultArgs>'.
src/leave/leave.service.ts(69,22): error TS2551: Property 'leaveType' does not exist on type '{ id: string; createdAt: Date; updatedAt: Date; userId: string; leaveTypeId: string; startDate: Date; endDate: Date; reason: string; status: string; approvedById: string | null; }'. Did you mean 'leaveTypeId'?
src/leave/leave.service.ts(74,21): error TS2339: Property 'approver' does not exist on type '{ id: string; createdAt: Date; updatedAt: Date; userId: string; leaveTypeId: string; startDate: Date; endDate: Date; reason: string; status: string; approvedById: string | null; }'.
src/leave/leave.service.ts(192,9): error TS2353: Object literal may only specify known properties, and 'approver' does not exist in type 'LeaveRequestInclude<DefaultArgs>'.
src/leave/leave.service.ts(200,15): error TS2339: Property 'user' does not exist on type '{ id: string; createdAt: Date; updatedAt: Date; userId: string; leaveTypeId: string; startDate: Date; endDate: Date; reason: string; status: string; approvedById: string | null; }'.
src/leave/leave.service.ts(201,17): error TS2339: Property 'user' does not exist on type '{ id: string; createdAt: Date; updatedAt: Date; userId: string; leaveTypeId: string; startDate: Date; endDate: Date; reason: string; status: string; approvedById: string | null; }'.
src/leave/leave.service.ts(202,18): error TS2339: Property 'user' does not exist on type '{ id: string; createdAt: Date; updatedAt: Date; userId: string; leaveTypeId: string; startDate: Date; endDate: Date; reason: string; status: string; approvedById: string | null; }'.
src/leave/leave.service.ts(203,23): error TS2339: Property 'user' does not exist on type '{ id: string; createdAt: Date; updatedAt: Date; userId: string; leaveTypeId: string; startDate: Date; endDate: Date; reason: string; status: string; approvedById: string | null; }'.
src/leave/leave.service.ts(205,20): error TS2551: Property 'leaveType' does not exist on type '{ id: string; createdAt: Date; updatedAt: Date; userId: string; leaveTypeId: string; startDate: Date; endDate: Date; reason: string; status: string; approvedById: string | null; }'. Did you mean 'leaveTypeId'?
src/leave/leave.service.ts(210,19): error TS2339: Property 'approver' does not exist on type '{ id: string; createdAt: Date; updatedAt: Date; userId: string; leaveTypeId: string; startDate: Date; endDate: Date; reason: string; status: string; approvedById: string | null; }'.
src/leave/leave.service.ts(211,19): error TS2339: Property 'approver' does not exist on type '{ id: string; createdAt: Date; updatedAt: Date; userId: string; leaveTypeId: string; startDate: Date; endDate: Date; reason: string; status: string; approvedById: string | null; }'.
src/leave/leave.service.ts(211,40): error TS2339: Property 'approver' does not exist on type '{ id: string; createdAt: Date; updatedAt: Date; userId: string; leaveTypeId: string; startDate: Date; endDate: Date; reason: string; status: string; approvedById: string | null; }'.
src/leave/leave.service.ts(232,9): error TS2353: Object literal may only specify known properties, and 'approver' does not exist in type 'LeaveRequestInclude<DefaultArgs>'.
src/leave/leave.service.ts(247,21): error TS2339: Property 'user' does not exist on type '{ id: string; createdAt: Date; updatedAt: Date; userId: string; leaveTypeId: string; startDate: Date; endDate: Date; reason: string; status: string; approvedById: string | null; }'.
src/leave/leave.service.ts(248,23): error TS2339: Property 'user' does not exist on type '{ id: string; createdAt: Date; updatedAt: Date; userId: string; leaveTypeId: string; startDate: Date; endDate: Date; reason: string; status: string; approvedById: string | null; }'.
src/leave/leave.service.ts(249,24): error TS2339: Property 'user' does not exist on type '{ id: string; createdAt: Date; updatedAt: Date; userId: string; leaveTypeId: string; startDate: Date; endDate: Date; reason: string; status: string; approvedById: string | null; }'.
src/leave/leave.service.ts(250,23): error TS2339: Property 'user' does not exist on type '{ id: string; createdAt: Date; updatedAt: Date; userId: string; leaveTypeId: string; startDate: Date; endDate: Date; reason: string; status: string; approvedById: string | null; }'.
src/leave/leave.service.ts(251,29): error TS2339: Property 'user' does not exist on type '{ id: string; createdAt: Date; updatedAt: Date; userId: string; leaveTypeId: string; startDate: Date; endDate: Date; reason: string; status: string; approvedById: string | null; }'.
src/leave/leave.service.ts(253,26): error TS2551: Property 'leaveType' does not exist on type '{ id: string; createdAt: Date; updatedAt: Date; userId: string; leaveTypeId: string; startDate: Date; endDate: Date; reason: string; status: string; approvedById: string | null; }'. Did you mean 'leaveTypeId'?
src/leave/leave.service.ts(259,25): error TS2339: Property 'approver' does not exist on type '{ id: string; createdAt: Date; updatedAt: Date; userId: string; leaveTypeId: string; startDate: Date; endDate: Date; reason: string; status: string; approvedById: string | null; }'.
src/leave/leave.service.ts(261,25): error TS2339: Property 'approver' does not exist on type '{ id: string; createdAt: Date; updatedAt: Date; userId: string; leaveTypeId: string; startDate: Date; endDate: Date; reason: string; status: string; approvedById: string | null; }'.
src/leave/leave.service.ts(262,27): error TS2339: Property 'approver' does not exist on type '{ id: string; createdAt: Date; updatedAt: Date; userId: string; leaveTypeId: string; startDate: Date; endDate: Date; reason: string; status: string; approvedById: string | null; }'.
src/leave/leave.service.ts(263,28): error TS2339: Property 'approver' does not exist on type '{ id: string; createdAt: Date; updatedAt: Date; userId: string; leaveTypeId: string; startDate: Date; endDate: Date; reason: string; status: string; approvedById: string | null; }'.
src/leaves/leaves.service.ts(91,9): error TS2559: Type 'string' has no properties in common with type 'LeaveTypeUpdateOneRequiredWithoutLeaveRequestsNestedInput'.
